ryukidanjo@RyukinoMacBook-Air git_challenge % git init
hint: Using 'master' as the name for the initial branch. This default branch name
hint: is subject to change. To configure the initial branch name to use in all
hint: of your new repositories, which will suppress this warning, call:
hint:
hint:   git config --global init.defaultBranch <name>
hint:
hint: Names commonly chosen instead of 'master' are 'main', 'trunk' and
hint: 'development'. The just-created branch can be renamed via this command:
hint:
hint:   git branch -m <name>
Initialized empty Git repository in /Users/ryukidanjo/Desktop/git_challenge/.git/
ryukidanjo@RyukinoMacBook-Air git_challenge % 
ryukidanjo@RyukinoMacBook-Air git_challenge % 
ryukidanjo@RyukinoMacBook-Air git_challenge % git add hello_world.txt 
ryukidanjo@RyukinoMacBook-Air git_challenge % 
ryukidanjo@RyukinoMacBook-Air git_challenge % git commit -m "hello_world.txtを追加"
[master (root-commit) 609ff4e] hello_world.txtを追加
 1 file changed, 0 insertions(+), 0 deletions(-)
 create mode 100644 hello_world.txt
ryukidanjo@RyukinoMacBook-Air git_challenge % 
ryukidanjo@RyukinoMacBook-Air git_challenge % git add .
ryukidanjo@RyukinoMacBook-Air git_challenge % 
ryukidanjo@RyukinoMacBook-Air git_challenge % git commit -m "日本語訳を追記"
[master 4e6b023] 日本語訳を追記
 1 file changed, 0 insertions(+), 0 deletions(-)
 create mode 100644 .DS_Store
ryukidanjo@RyukinoMacBook-Air git_challenge % 
ryukidanjo@RyukinoMacBook-Air git_challenge % 
ryukidanjo@RyukinoMacBook-Air git_challenge % git log --oneline
4e6b023 (HEAD -> master) 日本語訳を追記
609ff4e hello_world.txtを追加
ryukidanjo@RyukinoMacBook-Air git_challenge % 